00:00 +0: loading /Users/anuragdhunna/Downloads/Workspaces/sargon_app/test/features/dashboard/dashboard_screen_test.dart                                                                               00:00 +0: DashboardScreen renders correctly                                                                                                                                                            00:00 +0: DashboardScreen renders correctly                                                                                                                                                            
══╡ EXCEPTION CAUGHT BY WIDGETS LIBRARY ╞═══════════════════════════════════════════════════════════
The following assertion was thrown while applying parent data.:
Incorrect use of ParentDataWidget.
The ParentDataWidget StaggeredGridTile wants to apply ParentData of type StaggeredGridParentData to
a RenderObject, which has been set up to accept ParentData of incompatible type ParentData.
Usually, this means that the StaggeredGridTile widget has the wrong ancestor RenderObjectWidget.
Typically, StaggeredGridTile widgets are placed directly inside StaggeredGrid widgets.
The offending StaggeredGridTile is currently placed inside a FadeTransition widget.
The ownership chain for the RenderObject that received the incompatible parent data was:
  DecoratedBox ← Container ← StatCard ← StaggeredGridTile ← FadeTransition ← FadeIn ← StaggeredGrid
← DashboardStatsGrid ← Column ← Padding ← ⋯

When the exception was thrown, this was the stack:
#0      RenderObjectElement._updateParentData.<anonymous closure> (package:flutter/src/widgets/framework.dart:6885:11)
#1      RenderObjectElement._updateParentData (package:flutter/src/widgets/framework.dart:6902:6)
#2      RenderObjectElement.attachRenderObject (package:flutter/src/widgets/framework.dart:6948:7)
#3      RenderObjectElement.mount (package:flutter/src/widgets/framework.dart:6804:5)
#4      SingleChildRenderObjectElement.mount (package:flutter/src/widgets/framework.dart:7117:11)
...     Normal element mounting (30 frames)
#34     Element.inflateWidget (package:flutter/src/widgets/framework.dart:4590:20)
#35     MultiChildRenderObjectElement.inflateWidget (package:flutter/src/widgets/framework.dart:7269:36)
#36     MultiChildRenderObjectElement.mount (package:flutter/src/widgets/framework.dart:7285:32)
...     Normal element mounting (7 frames)
#43     Element.inflateWidget (package:flutter/src/widgets/framework.dart:4590:20)
#44     MultiChildRenderObjectElement.inflateWidget (package:flutter/src/widgets/framework.dart:7269:36)
#45     MultiChildRenderObjectElement.mount (package:flutter/src/widgets/framework.dart:7285:32)
...     Normal element mounting (123 frames)
#168    Element.inflateWidget (package:flutter/src/widgets/framework.dart:4590:20)
#169    MultiChildRenderObjectElement.inflateWidget (package:flutter/src/widgets/framework.dart:7269:36)
#170    MultiChildRenderObjectElement.mount (package:flutter/src/widgets/framework.dart:7285:32)
...     Normal element mounting (117 frames)
#287    _InheritedProviderScopeElement.mount (package:provider/src/inherited_provider.dart:424:11)
...     Normal element mounting (7 frames)
#294    SingleChildWidgetElementMixin.mount (package:nested/nested.dart:222:11)
...     Normal element mounting (7 frames)
#301    SingleChildWidgetElementMixin.mount (package:nested/nested.dart:222:11)
...     Normal element mounting (260 frames)
#561    Element.inflateWidget (package:flutter/src/widgets/framework.dart:4590:20)
#562    MultiChildRenderObjectElement.inflateWidget (package:flutter/src/widgets/framework.dart:7269:36)
#563    MultiChildRenderObjectElement.mount (package:flutter/src/widgets/framework.dart:7285:32)
...     Normal element mounting (465 frames)
#1028   Element.inflateWidget (package:flutter/src/widgets/framework.dart:4590:20)
#1029   Element.updateChild (package:flutter/src/widgets/framework.dart:4053:20)
#1030   ComponentElement.performRebuild (package:flutter/src/widgets/framework.dart:5844:16)
#1031   Element.rebuild (package:flutter/src/widgets/framework.dart:5532:7)
#1032   ProxyElement.update (package:flutter/src/widgets/framework.dart:6152:5)
#1033   _InheritedNotifierElement.update (package:flutter/src/widgets/inherited_notifier.dart:108:11)
#1034   Element.updateChild (package:flutter/src/widgets/framework.dart:4037:15)
#1035   ComponentElement.performRebuild (package:flutter/src/widgets/framework.dart:5844:16)
#1036   StatefulElement.performRebuild (package:flutter/src/widgets/framework.dart:5985:11)
#1037   Element.rebuild (package:flutter/src/widgets/framework.dart:5532:7)
#1038   StatefulElement.update (package:flutter/src/widgets/framework.dart:6010:5)
#1039   Element.updateChild (package:flutter/src/widgets/framework.dart:4037:15)
#1040   ComponentElement.performRebuild (package:flutter/src/widgets/framework.dart:5844:16)
#1041   Element.rebuild (package:flutter/src/widgets/framework.dart:5532:7)
#1042   ProxyElement.update (package:flutter/src/widgets/framework.dart:6152:5)
#1043   _InheritedNotifierElement.update (package:flutter/src/widgets/inherited_notifier.dart:108:11)
#1044   Element.updateChild (package:flutter/src/widgets/framework.dart:4037:15)
#1045   ComponentElement.performRebuild (package:flutter/src/widgets/framework.dart:5844:16)
#1046   StatefulElement.performRebuild (package:flutter/src/widgets/framework.dart:5985:11)
#1047   Element.rebuild (package:flutter/src/widgets/framework.dart:5532:7)
#1048   StatefulElement.update (package:flutter/src/widgets/framework.dart:6010:5)
#1049   Element.updateChild (package:flutter/src/widgets/framework.dart:4037:15)
#1050   ComponentElement.performRebuild (package:flutter/src/widgets/framework.dart:5844:16)
#1051   StatefulElement.performRebuild (package:flutter/src/widgets/framework.dart:5985:11)
#1052   Element.rebuild (package:flutter/src/widgets/framework.dart:5532:7)
#1053   StatefulElement.update (package:flutter/src/widgets/framework.dart:6010:5)
#1054   Element.updateChild (package:flutter/src/widgets/framework.dart:4037:15)
#1055   ComponentElement.performRebuild (package:flutter/src/widgets/framework.dart:5844:16)
#1056   Element.rebuild (package:flutter/src/widgets/framework.dart:5532:7)
#1057   ProxyElement.update (package:flutter/src/widgets/framework.dart:6152:5)
#1058   Element.updateChild (package:flutter/src/widgets/framework.dart:4037:15)
#1059   ComponentElement.performRebuild (package:flutter/src/widgets/framework.dart:5844:16)
#1060   StatefulElement.performRebuild (package:flutter/src/widgets/framework.dart:5985:11)
#1061   Element.rebuild (package:flutter/src/widgets/framework.dart:5532:7)
#1062   StatefulElement.update (package:flutter/src/widgets/framework.dart:6010:5)
#1063   Element.updateChild (package:flutter/src/widgets/framework.dart:4037:15)
#1064   ComponentElement.performRebuild (package:flutter/src/widgets/framework.dart:5844:16)
#1065   Element.rebuild (package:flutter/src/widgets/framework.dart:5532:7)
#1066   ProxyElement.update (package:flutter/src/widgets/framework.dart:6152:5)
#1067   Element.updateChild (package:flutter/src/widgets/framework.dart:4037:15)
#1068   ComponentElement.performRebuild (package:flutter/src/widgets/framework.dart:5844:16)
#1069   Element.rebuild (package:flutter/src/widgets/framework.dart:5532:7)
#1070   ProxyElement.update (package:flutter/src/widgets/framework.dart:6152:5)
#1071   Element.updateChild (package:flutter/src/widgets/framework.dart:4037:15)
#1072   _RawViewElement._updateChild (package:flutter/src/widgets/view.dart:481:16)
#1073   _RawViewElement.update (package:flutter/src/widgets/view.dart:568:5)
#1074   Element.updateChild (package:flutter/src/widgets/framework.dart:4037:15)
#1075   ComponentElement.performRebuild (package:flutter/src/widgets/framework.dart:5844:16)
#1076   Element.rebuild (package:flutter/src/widgets/framework.dart:5532:7)
#1077   StatelessElement.update (package:flutter/src/widgets/framework.dart:5898:5)
#1078   Element.updateChild (package:flutter/src/widgets/framework.dart:4037:15)
#1079   ComponentElement.performRebuild (package:flutter/src/widgets/framework.dart:5844:16)
#1080   StatefulElement.performRebuild (package:flutter/src/widgets/framework.dart:5985:11)
#1081   Element.rebuild (package:flutter/src/widgets/framework.dart:5532:7)
#1082   StatefulElement.update (package:flutter/src/widgets/framework.dart:6010:5)
#1083   Element.updateChild (package:flutter/src/widgets/framework.dart:4037:15)
#1084   RootElement._rebuild (package:flutter/src/widgets/binding.dart:1782:16)
#1085   RootElement.update (package:flutter/src/widgets/binding.dart:1760:5)
#1086   RootElement.performRebuild (package:flutter/src/widgets/binding.dart:1774:7)
#1087   Element.rebuild (package:flutter/src/widgets/framework.dart:5532:7)
#1088   BuildScope._tryRebuild (package:flutter/src/widgets/framework.dart:2750:15)
#1089   BuildScope._flushDirtyElements (package:flutter/src/widgets/framework.dart:2807:11)
#1090   BuildOwner.buildScope (package:flutter/src/widgets/framework.dart:3111:18)
#1091   AutomatedTestWidgetsFlutterBinding.drawFrame (package:flutter_test/src/binding.dart:1506:19)
#1092   RendererBinding._handlePersistentFrameCallback (package:flutter/src/rendering/binding.dart:495:5)
#1093   SchedulerBinding._invokeFrameCallback (package:flutter/src/scheduler/binding.dart:1434:15)
#1094   SchedulerBinding.handleDrawFrame (package:flutter/src/scheduler/binding.dart:1347:9)
#1095   AutomatedTestWidgetsFlutterBinding.pump.<anonymous closure> (package:flutter_test/src/binding.dart:1335:9)
#1098   TestAsyncUtils.guard (package:flutter_test/src/test_async_utils.dart:74:41)
#1099   AutomatedTestWidgetsFlutterBinding.pump (package:flutter_test/src/binding.dart:1324:27)
#1100   WidgetTester.pumpWidget.<anonymous closure> (package:flutter_test/src/widget_tester.dart:598:22)
#1103   TestAsyncUtils.guard (package:flutter_test/src/test_async_utils.dart:74:41)
#1104   WidgetTester.pumpWidget (package:flutter_test/src/widget_tester.dart:595:27)
#1105   main.<anonymous closure> (file:///Users/anuragdhunna/Downloads/Workspaces/sargon_app/test/features/dashboard/dashboard_screen_test.dart:30:18)
#1106   testWidgets.<anonymous closure>.<anonymous closure> (package:flutter_test/src/widget_tester.dart:192:29)
<asynchronous suspension>
#1107   TestWidgetsFlutterBinding._runTestBody (package:flutter_test/src/binding.dart:1059:5)
<asynchronous suspension>
<asynchronous suspension>
(elided 5 frames from dart:async and package:stack_trace)
════════════════════════════════════════════════════════════════════════════════════════════════════
══╡ EXCEPTION CAUGHT BY WIDGETS LIBRARY ╞═══════════════════════════════════════════════════════════
The following assertion was thrown while applying parent data.:
Incorrect use of ParentDataWidget.
The ParentDataWidget StaggeredGridTile wants to apply ParentData of type StaggeredGridParentData to
a RenderObject, which has been set up to accept ParentData of incompatible type ParentData.
Usually, this means that the StaggeredGridTile widget has the wrong ancestor RenderObjectWidget.
Typically, StaggeredGridTile widgets are placed directly inside StaggeredGrid widgets.
The offending StaggeredGridTile is currently placed inside a FadeTransition widget.
The ownership chain for the RenderObject that received the incompatible parent data was:
  DecoratedBox ← Container ← StatCard ← StaggeredGridTile ← FadeTransition ← FadeIn ← StaggeredGrid
← DashboardStatsGrid ← Column ← Padding ← ⋯

When the exception was thrown, this was the stack:
#0      RenderObjectElement._updateParentData.<anonymous closure> (package:flutter/src/widgets/framework.dart:6885:11)
#1      RenderObjectElement._updateParentData (package:flutter/src/widgets/framework.dart:6902:6)
#2      RenderObjectElement.attachRenderObject (package:flutter/src/widgets/framework.dart:6948:7)
#3      RenderObjectElement.mount (package:flutter/src/widgets/framework.dart:6804:5)
#4      SingleChildRenderObjectElement.mount (package:flutter/src/widgets/framework.dart:7117:11)
...     Normal element mounting (30 frames)
#34     Element.inflateWidget (package:flutter/src/widgets/framework.dart:4590:20)
#35     MultiChildRenderObjectElement.inflateWidget (package:flutter/src/widgets/framework.dart:7269:36)
#36     MultiChildRenderObjectElement.mount (package:flutter/src/widgets/framework.dart:7285:32)
...     Normal element mounting (7 frames)
#43     Element.inflateWidget (package:flutter/src/widgets/framework.dart:4590:20)
#44     MultiChildRenderObjectElement.inflateWidget (package:flutter/src/widgets/framework.dart:7269:36)
#45     MultiChildRenderObjectElement.mount (package:flutter/src/widgets/framework.dart:7285:32)
...     Normal element mounting (123 frames)
#168    Element.inflateWidget (package:flutter/src/widgets/framework.dart:4590:20)
#169    MultiChildRenderObjectElement.inflateWidget (package:flutter/src/widgets/framework.dart:7269:36)
#170    MultiChildRenderObjectElement.mount (package:flutter/src/widgets/framework.dart:7285:32)
...     Normal element mounting (117 frames)
#287    _InheritedProviderScopeElement.mount (package:provider/src/inherited_provider.dart:424:11)
...     Normal element mounting (7 frames)
#294    SingleChildWidgetElementMixin.mount (package:nested/nested.dart:222:11)
...     Normal element mounting (7 frames)
#301    SingleChildWidgetElementMixin.mount (package:nested/nested.dart:222:11)
...     Normal element mounting (260 frames)
#561    Element.inflateWidget (package:flutter/src/widgets/framework.dart:4590:20)
#562    MultiChildRenderObjectElement.inflateWidget (package:flutter/src/widgets/framework.dart:7269:36)
#563    MultiChildRenderObjectElement.mount (package:flutter/src/widgets/framework.dart:7285:32)
...     Normal element mounting (465 frames)
#1028   Element.inflateWidget (package:flutter/src/widgets/framework.dart:4590:20)
#1029   Element.updateChild (package:flutter/src/widgets/framework.dart:4053:20)
#1030   ComponentElement.performRebuild (package:flutter/src/widgets/framework.dart:5844:16)
#1031   Element.rebuild (package:flutter/src/widgets/framework.dart:5532:7)
#1032   ProxyElement.update (package:flutter/src/widgets/framework.dart:6152:5)
#1033   _InheritedNotifierElement.update (package:flutter/src/widgets/inherited_notifier.dart:108:11)
#1034   Element.updateChild (package:flutter/src/widgets/framework.dart:4037:15)
#1035   ComponentElement.performRebuild (package:flutter/src/widgets/framework.dart:5844:16)
#1036   StatefulElement.performRebuild (package:flutter/src/widgets/framework.dart:5985:11)
#1037   Element.rebuild (package:flutter/src/widgets/framework.dart:5532:7)
#1038   StatefulElement.update (package:flutter/src/widgets/framework.dart:6010:5)
#1039   Element.updateChild (package:flutter/src/widgets/framework.dart:4037:15)
#1040   ComponentElement.performRebuild (package:flutter/src/widgets/framework.dart:5844:16)
#1041   Element.rebuild (package:flutter/src/widgets/framework.dart:5532:7)
#1042   ProxyElement.update (package:flutter/src/widgets/framework.dart:6152:5)
#1043   _InheritedNotifierElement.update (package:flutter/src/widgets/inherited_notifier.dart:108:11)
#1044   Element.updateChild (package:flutter/src/widgets/framework.dart:4037:15)
#1045   ComponentElement.performRebuild (package:flutter/src/widgets/framework.dart:5844:16)
#1046   StatefulElement.performRebuild (package:flutter/src/widgets/framework.dart:5985:11)
#1047   Element.rebuild (package:flutter/src/widgets/framework.dart:5532:7)
#1048   StatefulElement.update (package:flutter/src/widgets/framework.dart:6010:5)
#1049   Element.updateChild (package:flutter/src/widgets/framework.dart:4037:15)
#1050   ComponentElement.performRebuild (package:flutter/src/widgets/framework.dart:5844:16)
#1051   StatefulElement.performRebuild (package:flutter/src/widgets/framework.dart:5985:11)
#1052   Element.rebuild (package:flutter/src/widgets/framework.dart:5532:7)
#1053   StatefulElement.update (package:flutter/src/widgets/framework.dart:6010:5)
#1054   Element.updateChild (package:flutter/src/widgets/framework.dart:4037:15)
#1055   ComponentElement.performRebuild (package:flutter/src/widgets/framework.dart:5844:16)
#1056   Element.rebuild (package:flutter/src/widgets/framework.dart:5532:7)
#1057   ProxyElement.update (package:flutter/src/widgets/framework.dart:6152:5)
#1058   Element.updateChild (package:flutter/src/widgets/framework.dart:4037:15)
#1059   ComponentElement.performRebuild (package:flutter/src/widgets/framework.dart:5844:16)
#1060   StatefulElement.performRebuild (package:flutter/src/widgets/framework.dart:5985:11)
#1061   Element.rebuild (package:flutter/src/widgets/framework.dart:5532:7)
#1062   StatefulElement.update (package:flutter/src/widgets/framework.dart:6010:5)
#1063   Element.updateChild (package:flutter/src/widgets/framework.dart:4037:15)
#1064   ComponentElement.performRebuild (package:flutter/src/widgets/framework.dart:5844:16)
#1065   Element.rebuild (package:flutter/src/widgets/framework.dart:5532:7)
#1066   ProxyElement.update (package:flutter/src/widgets/framework.dart:6152:5)
#1067   Element.updateChild (package:flutter/src/widgets/framework.dart:4037:15)
#1068   ComponentElement.performRebuild (package:flutter/src/widgets/framework.dart:5844:16)
#1069   Element.rebuild (package:flutter/src/widgets/framework.dart:5532:7)
#1070   ProxyElement.update (package:flutter/src/widgets/framework.dart:6152:5)
#1071   Element.updateChild (package:flutter/src/widgets/framework.dart:4037:15)
#1072   _RawViewElement._updateChild (package:flutter/src/widgets/view.dart:481:16)
#1073   _RawViewElement.update (package:flutter/src/widgets/view.dart:568:5)
#1074   Element.updateChild (package:flutter/src/widgets/framework.dart:4037:15)
#1075   ComponentElement.performRebuild (package:flutter/src/widgets/framework.dart:5844:16)
#1076   Element.rebuild (package:flutter/src/widgets/framework.dart:5532:7)
#1077   StatelessElement.update (package:flutter/src/widgets/framework.dart:5898:5)
#1078   Element.updateChild (package:flutter/src/widgets/framework.dart:4037:15)
#1079   ComponentElement.performRebuild (package:flutter/src/widgets/framework.dart:5844:16)
#1080   StatefulElement.performRebuild (package:flutter/src/widgets/framework.dart:5985:11)
#1081   Element.rebuild (package:flutter/src/widgets/framework.dart:5532:7)
#1082   StatefulElement.update (package:flutter/src/widgets/framework.dart:6010:5)
#1083   Element.updateChild (package:flutter/src/widgets/framework.dart:4037:15)
#1084   RootElement._rebuild (package:flutter/src/widgets/binding.dart:1782:16)
#1085   RootElement.update (package:flutter/src/widgets/binding.dart:1760:5)
#1086   RootElement.performRebuild (package:flutter/src/widgets/binding.dart:1774:7)
#1087   Element.rebuild (package:flutter/src/widgets/framework.dart:5532:7)
#1088   BuildScope._tryRebuild (package:flutter/src/widgets/framework.dart:2750:15)
#1089   BuildScope._flushDirtyElements (package:flutter/src/widgets/framework.dart:2807:11)
#1090   BuildOwner.buildScope (package:flutter/src/widgets/framework.dart:3111:18)
#1091   AutomatedTestWidgetsFlutterBinding.drawFrame (package:flutter_test/src/binding.dart:1506:19)
#1092   RendererBinding._handlePersistentFrameCallback (package:flutter/src/rendering/binding.dart:495:5)
#1093   SchedulerBinding._invokeFrameCallback (package:flutter/src/scheduler/binding.dart:1434:15)
#1094   SchedulerBinding.handleDrawFrame (package:flutter/src/scheduler/binding.dart:1347:9)
#1095   AutomatedTestWidgetsFlutterBinding.pump.<anonymous closure> (package:flutter_test/src/binding.dart:1335:9)
#1098   TestAsyncUtils.guard (package:flutter_test/src/test_async_utils.dart:74:41)
#1099   AutomatedTestWidgetsFlutterBinding.pump (package:flutter_test/src/binding.dart:1324:27)
#1100   WidgetTester.pumpWidget.<anonymous closure> (package:flutter_test/src/widget_tester.dart:598:22)
#1103   TestAsyncUtils.guard (package:flutter_test/src/test_async_utils.dart:74:41)
#1104   WidgetTester.pumpWidget (package:flutter_test/src/widget_tester.dart:595:27)
#1105   main.<anonymous closure> (file:///Users/anuragdhunna/Downloads/Workspaces/sargon_app/test/features/dashboard/dashboard_screen_test.dart:30:18)
#1106   testWidgets.<anonymous closure>.<anonymous closure> (package:flutter_test/src/widget_tester.dart:192:29)
<asynchronous suspension>
#1107   TestWidgetsFlutterBinding._runTestBody (package:flutter_test/src/binding.dart:1059:5)
<asynchronous suspension>
<asynchronous suspension>
(elided 5 frames from dart:async and package:stack_trace)
════════════════════════════════════════════════════════════════════════════════════════════════════
══╡ EXCEPTION CAUGHT BY WIDGETS LIBRARY ╞═══════════════════════════════════════════════════════════
The following assertion was thrown while applying parent data.:
Incorrect use of ParentDataWidget.
The ParentDataWidget StaggeredGridTile wants to apply ParentData of type StaggeredGridParentData to
a RenderObject, which has been set up to accept ParentData of incompatible type ParentData.
Usually, this means that the StaggeredGridTile widget has the wrong ancestor RenderObjectWidget.
Typically, StaggeredGridTile widgets are placed directly inside StaggeredGrid widgets.
The offending StaggeredGridTile is currently placed inside a FadeTransition widget.
The ownership chain for the RenderObject that received the incompatible parent data was:
  DecoratedBox ← Container ← StatCard ← StaggeredGridTile ← FadeTransition ← FadeIn ← StaggeredGrid
← DashboardStatsGrid ← Column ← Padding ← ⋯

When the exception was thrown, this was the stack:
#0      RenderObjectElement._updateParentData.<anonymous closure> (package:flutter/src/widgets/framework.dart:6885:11)
#1      RenderObjectElement._updateParentData (package:flutter/src/widgets/framework.dart:6902:6)
#2      RenderObjectElement.attachRenderObject (package:flutter/src/widgets/framework.dart:6948:7)
#3      RenderObjectElement.mount (package:flutter/src/widgets/framework.dart:6804:5)
#4      SingleChildRenderObjectElement.mount (package:flutter/src/widgets/framework.dart:7117:11)
...     Normal element mounting (30 frames)
#34     Element.inflateWidget (package:flutter/src/widgets/framework.dart:4590:20)
#35     MultiChildRenderObjectElement.inflateWidget (package:flutter/src/widgets/framework.dart:7269:36)
#36     MultiChildRenderObjectElement.mount (package:flutter/src/widgets/framework.dart:7285:32)
...     Normal element mounting (7 frames)
#43     Element.inflateWidget (package:flutter/src/widgets/framework.dart:4590:20)
#44     MultiChildRenderObjectElement.inflateWidget (package:flutter/src/widgets/framework.dart:7269:36)
#45     MultiChildRenderObjectElement.mount (package:flutter/src/widgets/framework.dart:7285:32)
...     Normal element mounting (123 frames)
#168    Element.inflateWidget (package:flutter/src/widgets/framework.dart:4590:20)
#169    MultiChildRenderObjectElement.inflateWidget (package:flutter/src/widgets/framework.dart:7269:36)
#170    MultiChildRenderObjectElement.mount (package:flutter/src/widgets/framework.dart:7285:32)
...     Normal element mounting (117 frames)
#287    _InheritedProviderScopeElement.mount (package:provider/src/inherited_provider.dart:424:11)
...     Normal element mounting (7 frames)
#294    SingleChildWidgetElementMixin.mount (package:nested/nested.dart:222:11)
...     Normal element mounting (7 frames)
#301    SingleChildWidgetElementMixin.mount (package:nested/nested.dart:222:11)
...     Normal element mounting (260 frames)
#561    Element.inflateWidget (package:flutter/src/widgets/framework.dart:4590:20)
#562    MultiChildRenderObjectElement.inflateWidget (package:flutter/src/widgets/framework.dart:7269:36)
#563    MultiChildRenderObjectElement.mount (package:flutter/src/widgets/framework.dart:7285:32)
...     Normal element mounting (465 frames)
#1028   Element.inflateWidget (package:flutter/src/widgets/framework.dart:4590:20)
#1029   Element.updateChild (package:flutter/src/widgets/framework.dart:4053:20)
#1030   ComponentElement.performRebuild (package:flutter/src/widgets/framework.dart:5844:16)
#1031   Element.rebuild (package:flutter/src/widgets/framework.dart:5532:7)
#1032   ProxyElement.update (package:flutter/src/widgets/framework.dart:6152:5)
#1033   _InheritedNotifierElement.update (package:flutter/src/widgets/inherited_notifier.dart:108:11)
#1034   Element.updateChild (package:flutter/src/widgets/framework.dart:4037:15)
#1035   ComponentElement.performRebuild (package:flutter/src/widgets/framework.dart:5844:16)
#1036   StatefulElement.performRebuild (package:flutter/src/widgets/framework.dart:5985:11)
#1037   Element.rebuild (package:flutter/src/widgets/framework.dart:5532:7)
#1038   StatefulElement.update (package:flutter/src/widgets/framework.dart:6010:5)
#1039   Element.updateChild (package:flutter/src/widgets/framework.dart:4037:15)
#1040   ComponentElement.performRebuild (package:flutter/src/widgets/framework.dart:5844:16)
#1041   Element.rebuild (package:flutter/src/widgets/framework.dart:5532:7)
#1042   ProxyElement.update (package:flutter/src/widgets/framework.dart:6152:5)
#1043   _InheritedNotifierElement.update (package:flutter/src/widgets/inherited_notifier.dart:108:11)
#1044   Element.updateChild (package:flutter/src/widgets/framework.dart:4037:15)
#1045   ComponentElement.performRebuild (package:flutter/src/widgets/framework.dart:5844:16)
#1046   StatefulElement.performRebuild (package:flutter/src/widgets/framework.dart:5985:11)
#1047   Element.rebuild (package:flutter/src/widgets/framework.dart:5532:7)
#1048   StatefulElement.update (package:flutter/src/widgets/framework.dart:6010:5)
#1049   Element.updateChild (package:flutter/src/widgets/framework.dart:4037:15)
#1050   ComponentElement.performRebuild (package:flutter/src/widgets/framework.dart:5844:16)
#1051   StatefulElement.performRebuild (package:flutter/src/widgets/framework.dart:5985:11)
#1052   Element.rebuild (package:flutter/src/widgets/framework.dart:5532:7)
#1053   StatefulElement.update (package:flutter/src/widgets/framework.dart:6010:5)
#1054   Element.updateChild (package:flutter/src/widgets/framework.dart:4037:15)
#1055   ComponentElement.performRebuild (package:flutter/src/widgets/framework.dart:5844:16)
#1056   Element.rebuild (package:flutter/src/widgets/framework.dart:5532:7)
#1057   ProxyElement.update (package:flutter/src/widgets/framework.dart:6152:5)
#1058   Element.updateChild (package:flutter/src/widgets/framework.dart:4037:15)
#1059   ComponentElement.performRebuild (package:flutter/src/widgets/framework.dart:5844:16)
#1060   StatefulElement.performRebuild (package:flutter/src/widgets/framework.dart:5985:11)
#1061   Element.rebuild (package:flutter/src/widgets/framework.dart:5532:7)
#1062   StatefulElement.update (package:flutter/src/widgets/framework.dart:6010:5)
#1063   Element.updateChild (package:flutter/src/widgets/framework.dart:4037:15)
#1064   ComponentElement.performRebuild (package:flutter/src/widgets/framework.dart:5844:16)
#1065   Element.rebuild (package:flutter/src/widgets/framework.dart:5532:7)
#1066   ProxyElement.update (package:flutter/src/widgets/framework.dart:6152:5)
#1067   Element.updateChild (package:flutter/src/widgets/framework.dart:4037:15)
#1068   ComponentElement.performRebuild (package:flutter/src/widgets/framework.dart:5844:16)
#1069   Element.rebuild (package:flutter/src/widgets/framework.dart:5532:7)
#1070   ProxyElement.update (package:flutter/src/widgets/framework.dart:6152:5)
#1071   Element.updateChild (package:flutter/src/widgets/framework.dart:4037:15)
#1072   _RawViewElement._updateChild (package:flutter/src/widgets/view.dart:481:16)
#1073   _RawViewElement.update (package:flutter/src/widgets/view.dart:568:5)
#1074   Element.updateChild (package:flutter/src/widgets/framework.dart:4037:15)
#1075   ComponentElement.performRebuild (package:flutter/src/widgets/framework.dart:5844:16)
#1076   Element.rebuild (package:flutter/src/widgets/framework.dart:5532:7)
#1077   StatelessElement.update (package:flutter/src/widgets/framework.dart:5898:5)
#1078   Element.updateChild (package:flutter/src/widgets/framework.dart:4037:15)
#1079   ComponentElement.performRebuild (package:flutter/src/widgets/framework.dart:5844:16)
#1080   StatefulElement.performRebuild (package:flutter/src/widgets/framework.dart:5985:11)
#1081   Element.rebuild (package:flutter/src/widgets/framework.dart:5532:7)
#1082   StatefulElement.update (package:flutter/src/widgets/framework.dart:6010:5)
#1083   Element.updateChild (package:flutter/src/widgets/framework.dart:4037:15)
#1084   RootElement._rebuild (package:flutter/src/widgets/binding.dart:1782:16)
#1085   RootElement.update (package:flutter/src/widgets/binding.dart:1760:5)
#1086   RootElement.performRebuild (package:flutter/src/widgets/binding.dart:1774:7)
#1087   Element.rebuild (package:flutter/src/widgets/framework.dart:5532:7)
#1088   BuildScope._tryRebuild (package:flutter/src/widgets/framework.dart:2750:15)
#1089   BuildScope._flushDirtyElements (package:flutter/src/widgets/framework.dart:2807:11)
#1090   BuildOwner.buildScope (package:flutter/src/widgets/framework.dart:3111:18)
#1091   AutomatedTestWidgetsFlutterBinding.drawFrame (package:flutter_test/src/binding.dart:1506:19)
#1092   RendererBinding._handlePersistentFrameCallback (package:flutter/src/rendering/binding.dart:495:5)
#1093   SchedulerBinding._invokeFrameCallback (package:flutter/src/scheduler/binding.dart:1434:15)
#1094   SchedulerBinding.handleDrawFrame (package:flutter/src/scheduler/binding.dart:1347:9)
#1095   AutomatedTestWidgetsFlutterBinding.pump.<anonymous closure> (package:flutter_test/src/binding.dart:1335:9)
#1098   TestAsyncUtils.guard (package:flutter_test/src/test_async_utils.dart:74:41)
#1099   AutomatedTestWidgetsFlutterBinding.pump (package:flutter_test/src/binding.dart:1324:27)
#1100   WidgetTester.pumpWidget.<anonymous closure> (package:flutter_test/src/widget_tester.dart:598:22)
#1103   TestAsyncUtils.guard (package:flutter_test/src/test_async_utils.dart:74:41)
#1104   WidgetTester.pumpWidget (package:flutter_test/src/widget_tester.dart:595:27)
#1105   main.<anonymous closure> (file:///Users/anuragdhunna/Downloads/Workspaces/sargon_app/test/features/dashboard/dashboard_screen_test.dart:30:18)
#1106   testWidgets.<anonymous closure>.<anonymous closure> (package:flutter_test/src/widget_tester.dart:192:29)
<asynchronous suspension>
#1107   TestWidgetsFlutterBinding._runTestBody (package:flutter_test/src/binding.dart:1059:5)
<asynchronous suspension>
<asynchronous suspension>
(elided 5 frames from dart:async and package:stack_trace)
════════════════════════════════════════════════════════════════════════════════════════════════════
══╡ EXCEPTION CAUGHT BY WIDGETS LIBRARY ╞═══════════════════════════════════════════════════════════
The following assertion was thrown while applying parent data.:
Incorrect use of ParentDataWidget.
The ParentDataWidget StaggeredGridTile wants to apply ParentData of type StaggeredGridParentData to
a RenderObject, which has been set up to accept ParentData of incompatible type ParentData.
Usually, this means that the StaggeredGridTile widget has the wrong ancestor RenderObjectWidget.
Typically, StaggeredGridTile widgets are placed directly inside StaggeredGrid widgets.
The offending StaggeredGridTile is currently placed inside a FadeTransition widget.
The ownership chain for the RenderObject that received the incompatible parent data was:
  DecoratedBox ← Container ← StatCard ← StaggeredGridTile ← FadeTransition ← FadeIn ← StaggeredGrid
← DashboardStatsGrid ← Column ← Padding ← ⋯

When the exception was thrown, this was the stack:
#0      RenderObjectElement._updateParentData.<anonymous closure> (package:flutter/src/widgets/framework.dart:6885:11)
#1      RenderObjectElement._updateParentData (package:flutter/src/widgets/framework.dart:6902:6)
#2      RenderObjectElement.attachRenderObject (package:flutter/src/widgets/framework.dart:6948:7)
#3      RenderObjectElement.mount (package:flutter/src/widgets/framework.dart:6804:5)
#4      SingleChildRenderObjectElement.mount (package:flutter/src/widgets/framework.dart:7117:11)
...     Normal element mounting (30 frames)
#34     Element.inflateWidget (package:flutter/src/widgets/framework.dart:4590:20)
#35     MultiChildRenderObjectElement.inflateWidget (package:flutter/src/widgets/framework.dart:7269:36)
#36     MultiChildRenderObjectElement.mount (package:flutter/src/widgets/framework.dart:7285:32)
...     Normal element mounting (7 frames)
#43     Element.inflateWidget (package:flutter/src/widgets/framework.dart:4590:20)
#44     MultiChildRenderObjectElement.inflateWidget (package:flutter/src/widgets/framework.dart:7269:36)
#45     MultiChildRenderObjectElement.mount (package:flutter/src/widgets/framework.dart:7285:32)
...     Normal element mounting (123 frames)
#168    Element.inflateWidget (package:flutter/src/widgets/framework.dart:4590:20)
#169    MultiChildRenderObjectElement.inflateWidget (package:flutter/src/widgets/framework.dart:7269:36)
#170    MultiChildRenderObjectElement.mount (package:flutter/src/widgets/framework.dart:7285:32)
...     Normal element mounting (117 frames)
#287    _InheritedProviderScopeElement.mount (package:provider/src/inherited_provider.dart:424:11)
...     Normal element mounting (7 frames)
#294    SingleChildWidgetElementMixin.mount (package:nested/nested.dart:222:11)
...     Normal element mounting (7 frames)
#301    SingleChildWidgetElementMixin.mount (package:nested/nested.dart:222:11)
...     Normal element mounting (260 frames)
#561    Element.inflateWidget (package:flutter/src/widgets/framework.dart:4590:20)
#562    MultiChildRenderObjectElement.inflateWidget (package:flutter/src/widgets/framework.dart:7269:36)
#563    MultiChildRenderObjectElement.mount (package:flutter/src/widgets/framework.dart:7285:32)
...     Normal element mounting (465 frames)
#1028   Element.inflateWidget (package:flutter/src/widgets/framework.dart:4590:20)
#1029   Element.updateChild (package:flutter/src/widgets/framework.dart:4053:20)
#1030   ComponentElement.performRebuild (package:flutter/src/widgets/framework.dart:5844:16)
#1031   Element.rebuild (package:flutter/src/widgets/framework.dart:5532:7)
#1032   ProxyElement.update (package:flutter/src/widgets/framework.dart:6152:5)
#1033   _InheritedNotifierElement.update (package:flutter/src/widgets/inherited_notifier.dart:108:11)
#1034   Element.updateChild (package:flutter/src/widgets/framework.dart:4037:15)
#1035   ComponentElement.performRebuild (package:flutter/src/widgets/framework.dart:5844:16)
#1036   StatefulElement.performRebuild (package:flutter/src/widgets/framework.dart:5985:11)
#1037   Element.rebuild (package:flutter/src/widgets/framework.dart:5532:7)
#1038   StatefulElement.update (package:flutter/src/widgets/framework.dart:6010:5)
#1039   Element.updateChild (package:flutter/src/widgets/framework.dart:4037:15)
#1040   ComponentElement.performRebuild (package:flutter/src/widgets/framework.dart:5844:16)
#1041   Element.rebuild (package:flutter/src/widgets/framework.dart:5532:7)
#1042   ProxyElement.update (package:flutter/src/widgets/framework.dart:6152:5)
#1043   _InheritedNotifierElement.update (package:flutter/src/widgets/inherited_notifier.dart:108:11)
#1044   Element.updateChild (package:flutter/src/widgets/framework.dart:4037:15)
#1045   ComponentElement.performRebuild (package:flutter/src/widgets/framework.dart:5844:16)
#1046   StatefulElement.performRebuild (package:flutter/src/widgets/framework.dart:5985:11)
#1047   Element.rebuild (package:flutter/src/widgets/framework.dart:5532:7)
#1048   StatefulElement.update (package:flutter/src/widgets/framework.dart:6010:5)
#1049   Element.updateChild (package:flutter/src/widgets/framework.dart:4037:15)
#1050   ComponentElement.performRebuild (package:flutter/src/widgets/framework.dart:5844:16)
#1051   StatefulElement.performRebuild (package:flutter/src/widgets/framework.dart:5985:11)
#1052   Element.rebuild (package:flutter/src/widgets/framework.dart:5532:7)
#1053   StatefulElement.update (package:flutter/src/widgets/framework.dart:6010:5)
#1054   Element.updateChild (package:flutter/src/widgets/framework.dart:4037:15)
#1055   ComponentElement.performRebuild (package:flutter/src/widgets/framework.dart:5844:16)
#1056   Element.rebuild (package:flutter/src/widgets/framework.dart:5532:7)
#1057   ProxyElement.update (package:flutter/src/widgets/framework.dart:6152:5)
#1058   Element.updateChild (package:flutter/src/widgets/framework.dart:4037:15)
#1059   ComponentElement.performRebuild (package:flutter/src/widgets/framework.dart:5844:16)
#1060   StatefulElement.performRebuild (package:flutter/src/widgets/framework.dart:5985:11)
#1061   Element.rebuild (package:flutter/src/widgets/framework.dart:5532:7)
#1062   StatefulElement.update (package:flutter/src/widgets/framework.dart:6010:5)
#1063   Element.updateChild (package:flutter/src/widgets/framework.dart:4037:15)
#1064   ComponentElement.performRebuild (package:flutter/src/widgets/framework.dart:5844:16)
#1065   Element.rebuild (package:flutter/src/widgets/framework.dart:5532:7)
#1066   ProxyElement.update (package:flutter/src/widgets/framework.dart:6152:5)
#1067   Element.updateChild (package:flutter/src/widgets/framework.dart:4037:15)
#1068   ComponentElement.performRebuild (package:flutter/src/widgets/framework.dart:5844:16)
#1069   Element.rebuild (package:flutter/src/widgets/framework.dart:5532:7)
#1070   ProxyElement.update (package:flutter/src/widgets/framework.dart:6152:5)
#1071   Element.updateChild (package:flutter/src/widgets/framework.dart:4037:15)
#1072   _RawViewElement._updateChild (package:flutter/src/widgets/view.dart:481:16)
#1073   _RawViewElement.update (package:flutter/src/widgets/view.dart:568:5)
#1074   Element.updateChild (package:flutter/src/widgets/framework.dart:4037:15)
#1075   ComponentElement.performRebuild (package:flutter/src/widgets/framework.dart:5844:16)
#1076   Element.rebuild (package:flutter/src/widgets/framework.dart:5532:7)
#1077   StatelessElement.update (package:flutter/src/widgets/framework.dart:5898:5)
#1078   Element.updateChild (package:flutter/src/widgets/framework.dart:4037:15)
#1079   ComponentElement.performRebuild (package:flutter/src/widgets/framework.dart:5844:16)
#1080   StatefulElement.performRebuild (package:flutter/src/widgets/framework.dart:5985:11)
#1081   Element.rebuild (package:flutter/src/widgets/framework.dart:5532:7)
#1082   StatefulElement.update (package:flutter/src/widgets/framework.dart:6010:5)
#1083   Element.updateChild (package:flutter/src/widgets/framework.dart:4037:15)
#1084   RootElement._rebuild (package:flutter/src/widgets/binding.dart:1782:16)
#1085   RootElement.update (package:flutter/src/widgets/binding.dart:1760:5)
#1086   RootElement.performRebuild (package:flutter/src/widgets/binding.dart:1774:7)
#1087   Element.rebuild (package:flutter/src/widgets/framework.dart:5532:7)
#1088   BuildScope._tryRebuild (package:flutter/src/widgets/framework.dart:2750:15)
#1089   BuildScope._flushDirtyElements (package:flutter/src/widgets/framework.dart:2807:11)
#1090   BuildOwner.buildScope (package:flutter/src/widgets/framework.dart:3111:18)
#1091   AutomatedTestWidgetsFlutterBinding.drawFrame (package:flutter_test/src/binding.dart:1506:19)
#1092   RendererBinding._handlePersistentFrameCallback (package:flutter/src/rendering/binding.dart:495:5)
#1093   SchedulerBinding._invokeFrameCallback (package:flutter/src/scheduler/binding.dart:1434:15)
#1094   SchedulerBinding.handleDrawFrame (package:flutter/src/scheduler/binding.dart:1347:9)
#1095   AutomatedTestWidgetsFlutterBinding.pump.<anonymous closure> (package:flutter_test/src/binding.dart:1335:9)
#1098   TestAsyncUtils.guard (package:flutter_test/src/test_async_utils.dart:74:41)
#1099   AutomatedTestWidgetsFlutterBinding.pump (package:flutter_test/src/binding.dart:1324:27)
#1100   WidgetTester.pumpWidget.<anonymous closure> (package:flutter_test/src/widget_tester.dart:598:22)
#1103   TestAsyncUtils.guard (package:flutter_test/src/test_async_utils.dart:74:41)
#1104   WidgetTester.pumpWidget (package:flutter_test/src/widget_tester.dart:595:27)
#1105   main.<anonymous closure> (file:///Users/anuragdhunna/Downloads/Workspaces/sargon_app/test/features/dashboard/dashboard_screen_test.dart:30:18)
#1106   testWidgets.<anonymous closure>.<anonymous closure> (package:flutter_test/src/widget_tester.dart:192:29)
<asynchronous suspension>
#1107   TestWidgetsFlutterBinding._runTestBody (package:flutter_test/src/binding.dart:1059:5)
<asynchronous suspension>
<asynchronous suspension>
(elided 5 frames from dart:async and package:stack_trace)
════════════════════════════════════════════════════════════════════════════════════════════════════
══╡ EXCEPTION CAUGHT BY FLUTTER TEST FRAMEWORK ╞════════════════════════════════════════════════════
The following message was thrown:
Multiple exceptions (4) were detected during the running of the current test, and at least one was
unexpected.
════════════════════════════════════════════════════════════════════════════════════════════════════
00:00 +0 -1: DashboardScreen renders correctly [E]                                                                                                                                                     
  Test failed. See exception logs above.
  The test description was: DashboardScreen renders correctly
  

To run this test again: /Users/anuragdhunna/Downloads/flutter/bin/cache/dart-sdk/bin/dart test /Users/anuragdhunna/Downloads/Workspaces/sargon_app/test/features/dashboard/dashboard_screen_test.dart -p vm --plain-name 'DashboardScreen renders correctly'
00:00 +0 -1: DashboardStatsGrid renders 4 items on desktop                                                                                                                                             00:01 +0 -1: DashboardStatsGrid renders 4 items on desktop                                                                                                                                             00:01 +0 -1: DashboardStatsGrid renders 4 items on desktop                                                                                                                                             
══╡ EXCEPTION CAUGHT BY WIDGETS LIBRARY ╞═══════════════════════════════════════════════════════════
The following assertion was thrown while applying parent data.:
Incorrect use of ParentDataWidget.
The ParentDataWidget StaggeredGridTile wants to apply ParentData of type StaggeredGridParentData to
a RenderObject, which has been set up to accept ParentData of incompatible type ParentData.
Usually, this means that the StaggeredGridTile widget has the wrong ancestor RenderObjectWidget.
Typically, StaggeredGridTile widgets are placed directly inside StaggeredGrid widgets.
The offending StaggeredGridTile is currently placed inside a FadeTransition widget.
The ownership chain for the RenderObject that received the incompatible parent data was:
  DecoratedBox ← Container ← StatCard ← StaggeredGridTile ← FadeTransition ← FadeIn ← StaggeredGrid
← DashboardStatsGrid ← Column ← Padding ← ⋯

When the exception was thrown, this was the stack:
#0      RenderObjectElement._updateParentData.<anonymous closure> (package:flutter/src/widgets/framework.dart:6885:11)
#1      RenderObjectElement._updateParentData (package:flutter/src/widgets/framework.dart:6902:6)
#2      RenderObjectElement.attachRenderObject (package:flutter/src/widgets/framework.dart:6948:7)
#3      RenderObjectElement.mount (package:flutter/src/widgets/framework.dart:6804:5)
#4      SingleChildRenderObjectElement.mount (package:flutter/src/widgets/framework.dart:7117:11)
...     Normal element mounting (30 frames)
#34     Element.inflateWidget (package:flutter/src/widgets/framework.dart:4590:20)
#35     MultiChildRenderObjectElement.inflateWidget (package:flutter/src/widgets/framework.dart:7269:36)
#36     MultiChildRenderObjectElement.mount (package:flutter/src/widgets/framework.dart:7285:32)
...     Normal element mounting (7 frames)
#43     Element.inflateWidget (package:flutter/src/widgets/framework.dart:4590:20)
#44     MultiChildRenderObjectElement.inflateWidget (package:flutter/src/widgets/framework.dart:7269:36)
#45     MultiChildRenderObjectElement.mount (package:flutter/src/widgets/framework.dart:7285:32)
...     Normal element mounting (123 frames)
#168    Element.inflateWidget (package:flutter/src/widgets/framework.dart:4590:20)
#169    MultiChildRenderObjectElement.inflateWidget (package:flutter/src/widgets/framework.dart:7269:36)
#170    MultiChildRenderObjectElement.mount (package:flutter/src/widgets/framework.dart:7285:32)
...     Normal element mounting (117 frames)
#287    _InheritedProviderScopeElement.mount (package:provider/src/inherited_provider.dart:424:11)
...     Normal element mounting (7 frames)
#294    SingleChildWidgetElementMixin.mount (package:nested/nested.dart:222:11)
...     Normal element mounting (7 frames)
#301    SingleChildWidgetElementMixin.mount (package:nested/nested.dart:222:11)
...     Normal element mounting (260 frames)
#561    Element.inflateWidget (package:flutter/src/widgets/framework.dart:4590:20)
#562    MultiChildRenderObjectElement.inflateWidget (package:flutter/src/widgets/framework.dart:7269:36)
#563    MultiChildRenderObjectElement.mount (package:flutter/src/widgets/framework.dart:7285:32)
...     Normal element mounting (465 frames)
#1028   Element.inflateWidget (package:flutter/src/widgets/framework.dart:4590:20)
#1029   Element.updateChild (package:flutter/src/widgets/framework.dart:4053:20)
#1030   ComponentElement.performRebuild (package:flutter/src/widgets/framework.dart:5844:16)
#1031   Element.rebuild (package:flutter/src/widgets/framework.dart:5532:7)
#1032   ProxyElement.update (package:flutter/src/widgets/framework.dart:6152:5)
#1033   _InheritedNotifierElement.update (package:flutter/src/widgets/inherited_notifier.dart:108:11)
#1034   Element.updateChild (package:flutter/src/widgets/framework.dart:4037:15)
#1035   ComponentElement.performRebuild (package:flutter/src/widgets/framework.dart:5844:16)
#1036   StatefulElement.performRebuild (package:flutter/src/widgets/framework.dart:5985:11)
#1037   Element.rebuild (package:flutter/src/widgets/framework.dart:5532:7)
#1038   StatefulElement.update (package:flutter/src/widgets/framework.dart:6010:5)
#1039   Element.updateChild (package:flutter/src/widgets/framework.dart:4037:15)
#1040   ComponentElement.performRebuild (package:flutter/src/widgets/framework.dart:5844:16)
#1041   Element.rebuild (package:flutter/src/widgets/framework.dart:5532:7)
#1042   ProxyElement.update (package:flutter/src/widgets/framework.dart:6152:5)
#1043   _InheritedNotifierElement.update (package:flutter/src/widgets/inherited_notifier.dart:108:11)
#1044   Element.updateChild (package:flutter/src/widgets/framework.dart:4037:15)
#1045   ComponentElement.performRebuild (package:flutter/src/widgets/framework.dart:5844:16)
#1046   StatefulElement.performRebuild (package:flutter/src/widgets/framework.dart:5985:11)
#1047   Element.rebuild (package:flutter/src/widgets/framework.dart:5532:7)
#1048   StatefulElement.update (package:flutter/src/widgets/framework.dart:6010:5)
#1049   Element.updateChild (package:flutter/src/widgets/framework.dart:4037:15)
#1050   ComponentElement.performRebuild (package:flutter/src/widgets/framework.dart:5844:16)
#1051   StatefulElement.performRebuild (package:flutter/src/widgets/framework.dart:5985:11)
#1052   Element.rebuild (package:flutter/src/widgets/framework.dart:5532:7)
#1053   StatefulElement.update (package:flutter/src/widgets/framework.dart:6010:5)
#1054   Element.updateChild (package:flutter/src/widgets/framework.dart:4037:15)
#1055   ComponentElement.performRebuild (package:flutter/src/widgets/framework.dart:5844:16)
#1056   Element.rebuild (package:flutter/src/widgets/framework.dart:5532:7)
#1057   ProxyElement.update (package:flutter/src/widgets/framework.dart:6152:5)
#1058   Element.updateChild (package:flutter/src/widgets/framework.dart:4037:15)
#1059   ComponentElement.performRebuild (package:flutter/src/widgets/framework.dart:5844:16)
#1060   StatefulElement.performRebuild (package:flutter/src/widgets/framework.dart:5985:11)
#1061   Element.rebuild (package:flutter/src/widgets/framework.dart:5532:7)
#1062   StatefulElement.update (package:flutter/src/widgets/framework.dart:6010:5)
#1063   Element.updateChild (package:flutter/src/widgets/framework.dart:4037:15)
#1064   ComponentElement.performRebuild (package:flutter/src/widgets/framework.dart:5844:16)
#1065   Element.rebuild (package:flutter/src/widgets/framework.dart:5532:7)
#1066   ProxyElement.update (package:flutter/src/widgets/framework.dart:6152:5)
#1067   Element.updateChild (package:flutter/src/widgets/framework.dart:4037:15)
#1068   ComponentElement.performRebuild (package:flutter/src/widgets/framework.dart:5844:16)
#1069   Element.rebuild (package:flutter/src/widgets/framework.dart:5532:7)
#1070   ProxyElement.update (package:flutter/src/widgets/framework.dart:6152:5)
#1071   Element.updateChild (package:flutter/src/widgets/framework.dart:4037:15)
#1072   _RawViewElement._updateChild (package:flutter/src/widgets/view.dart:481:16)
#1073   _RawViewElement.update (package:flutter/src/widgets/view.dart:568:5)
#1074   Element.updateChild (package:flutter/src/widgets/framework.dart:4037:15)
#1075   ComponentElement.performRebuild (package:flutter/src/widgets/framework.dart:5844:16)
#1076   Element.rebuild (package:flutter/src/widgets/framework.dart:5532:7)
#1077   StatelessElement.update (package:flutter/src/widgets/framework.dart:5898:5)
#1078   Element.updateChild (package:flutter/src/widgets/framework.dart:4037:15)
#1079   ComponentElement.performRebuild (package:flutter/src/widgets/framework.dart:5844:16)
#1080   StatefulElement.performRebuild (package:flutter/src/widgets/framework.dart:5985:11)
#1081   Element.rebuild (package:flutter/src/widgets/framework.dart:5532:7)
#1082   StatefulElement.update (package:flutter/src/widgets/framework.dart:6010:5)
#1083   Element.updateChild (package:flutter/src/widgets/framework.dart:4037:15)
#1084   RootElement._rebuild (package:flutter/src/widgets/binding.dart:1782:16)
#1085   RootElement.update (package:flutter/src/widgets/binding.dart:1760:5)
#1086   RootElement.performRebuild (package:flutter/src/widgets/binding.dart:1774:7)
#1087   Element.rebuild (package:flutter/src/widgets/framework.dart:5532:7)
#1088   BuildScope._tryRebuild (package:flutter/src/widgets/framework.dart:2750:15)
#1089   BuildScope._flushDirtyElements (package:flutter/src/widgets/framework.dart:2807:11)
#1090   BuildOwner.buildScope (package:flutter/src/widgets/framework.dart:3111:18)
#1091   AutomatedTestWidgetsFlutterBinding.drawFrame (package:flutter_test/src/binding.dart:1506:19)
#1092   RendererBinding._handlePersistentFrameCallback (package:flutter/src/rendering/binding.dart:495:5)
#1093   SchedulerBinding._invokeFrameCallback (package:flutter/src/scheduler/binding.dart:1434:15)
#1094   SchedulerBinding.handleDrawFrame (package:flutter/src/scheduler/binding.dart:1347:9)
#1095   AutomatedTestWidgetsFlutterBinding.pump.<anonymous closure> (package:flutter_test/src/binding.dart:1335:9)
#1098   TestAsyncUtils.guard (package:flutter_test/src/test_async_utils.dart:74:41)
#1099   AutomatedTestWidgetsFlutterBinding.pump (package:flutter_test/src/binding.dart:1324:27)
#1100   WidgetTester.pumpWidget.<anonymous closure> (package:flutter_test/src/widget_tester.dart:598:22)
#1103   TestAsyncUtils.guard (package:flutter_test/src/test_async_utils.dart:74:41)
#1104   WidgetTester.pumpWidget (package:flutter_test/src/widget_tester.dart:595:27)
#1105   main.<anonymous closure> (file:///Users/anuragdhunna/Downloads/Workspaces/sargon_app/test/features/dashboard/dashboard_screen_test.dart:45:18)
#1106   testWidgets.<anonymous closure>.<anonymous closure> (package:flutter_test/src/widget_tester.dart:192:29)
<asynchronous suspension>
#1107   TestWidgetsFlutterBinding._runTestBody (package:flutter_test/src/binding.dart:1059:5)
<asynchronous suspension>
<asynchronous suspension>
(elided 5 frames from dart:async and package:stack_trace)
════════════════════════════════════════════════════════════════════════════════════════════════════
══╡ EXCEPTION CAUGHT BY WIDGETS LIBRARY ╞═══════════════════════════════════════════════════════════
The following assertion was thrown while applying parent data.:
Incorrect use of ParentDataWidget.
The ParentDataWidget StaggeredGridTile wants to apply ParentData of type StaggeredGridParentData to
a RenderObject, which has been set up to accept ParentData of incompatible type ParentData.
Usually, this means that the StaggeredGridTile widget has the wrong ancestor RenderObjectWidget.
Typically, StaggeredGridTile widgets are placed directly inside StaggeredGrid widgets.
The offending StaggeredGridTile is currently placed inside a FadeTransition widget.
The ownership chain for the RenderObject that received the incompatible parent data was:
  DecoratedBox ← Container ← StatCard ← StaggeredGridTile ← FadeTransition ← FadeIn ← StaggeredGrid
← DashboardStatsGrid ← Column ← Padding ← ⋯

When the exception was thrown, this was the stack:
#0      RenderObjectElement._updateParentData.<anonymous closure> (package:flutter/src/widgets/framework.dart:6885:11)
#1      RenderObjectElement._updateParentData (package:flutter/src/widgets/framework.dart:6902:6)
#2      RenderObjectElement.attachRenderObject (package:flutter/src/widgets/framework.dart:6948:7)
#3      RenderObjectElement.mount (package:flutter/src/widgets/framework.dart:6804:5)
#4      SingleChildRenderObjectElement.mount (package:flutter/src/widgets/framework.dart:7117:11)
...     Normal element mounting (30 frames)
#34     Element.inflateWidget (package:flutter/src/widgets/framework.dart:4590:20)
#35     MultiChildRenderObjectElement.inflateWidget (package:flutter/src/widgets/framework.dart:7269:36)
#36     MultiChildRenderObjectElement.mount (package:flutter/src/widgets/framework.dart:7285:32)
...     Normal element mounting (7 frames)
#43     Element.inflateWidget (package:flutter/src/widgets/framework.dart:4590:20)
#44     MultiChildRenderObjectElement.inflateWidget (package:flutter/src/widgets/framework.dart:7269:36)
#45     MultiChildRenderObjectElement.mount (package:flutter/src/widgets/framework.dart:7285:32)
...     Normal element mounting (123 frames)
#168    Element.inflateWidget (package:flutter/src/widgets/framework.dart:4590:20)
#169    MultiChildRenderObjectElement.inflateWidget (package:flutter/src/widgets/framework.dart:7269:36)
#170    MultiChildRenderObjectElement.mount (package:flutter/src/widgets/framework.dart:7285:32)
...     Normal element mounting (117 frames)
#287    _InheritedProviderScopeElement.mount (package:provider/src/inherited_provider.dart:424:11)
...     Normal element mounting (7 frames)
#294    SingleChildWidgetElementMixin.mount (package:nested/nested.dart:222:11)
...     Normal element mounting (7 frames)
#301    SingleChildWidgetElementMixin.mount (package:nested/nested.dart:222:11)
...     Normal element mounting (260 frames)
#561    Element.inflateWidget (package:flutter/src/widgets/framework.dart:4590:20)
#562    MultiChildRenderObjectElement.inflateWidget (package:flutter/src/widgets/framework.dart:7269:36)
#563    MultiChildRenderObjectElement.mount (package:flutter/src/widgets/framework.dart:7285:32)
...     Normal element mounting (465 frames)
#1028   Element.inflateWidget (package:flutter/src/widgets/framework.dart:4590:20)
#1029   Element.updateChild (package:flutter/src/widgets/framework.dart:4053:20)
#1030   ComponentElement.performRebuild (package:flutter/src/widgets/framework.dart:5844:16)
#1031   Element.rebuild (package:flutter/src/widgets/framework.dart:5532:7)
#1032   ProxyElement.update (package:flutter/src/widgets/framework.dart:6152:5)
#1033   _InheritedNotifierElement.update (package:flutter/src/widgets/inherited_notifier.dart:108:11)
#1034   Element.updateChild (package:flutter/src/widgets/framework.dart:4037:15)
#1035   ComponentElement.performRebuild (package:flutter/src/widgets/framework.dart:5844:16)
#1036   StatefulElement.performRebuild (package:flutter/src/widgets/framework.dart:5985:11)
#1037   Element.rebuild (package:flutter/src/widgets/framework.dart:5532:7)
#1038   StatefulElement.update (package:flutter/src/widgets/framework.dart:6010:5)
#1039   Element.updateChild (package:flutter/src/widgets/framework.dart:4037:15)
#1040   ComponentElement.performRebuild (package:flutter/src/widgets/framework.dart:5844:16)
#1041   Element.rebuild (package:flutter/src/widgets/framework.dart:5532:7)
#1042   ProxyElement.update (package:flutter/src/widgets/framework.dart:6152:5)
#1043   _InheritedNotifierElement.update (package:flutter/src/widgets/inherited_notifier.dart:108:11)
#1044   Element.updateChild (package:flutter/src/widgets/framework.dart:4037:15)
#1045   ComponentElement.performRebuild (package:flutter/src/widgets/framework.dart:5844:16)
#1046   StatefulElement.performRebuild (package:flutter/src/widgets/framework.dart:5985:11)
#1047   Element.rebuild (package:flutter/src/widgets/framework.dart:5532:7)
#1048   StatefulElement.update (package:flutter/src/widgets/framework.dart:6010:5)
#1049   Element.updateChild (package:flutter/src/widgets/framework.dart:4037:15)
#1050   ComponentElement.performRebuild (package:flutter/src/widgets/framework.dart:5844:16)
#1051   StatefulElement.performRebuild (package:flutter/src/widgets/framework.dart:5985:11)
#1052   Element.rebuild (package:flutter/src/widgets/framework.dart:5532:7)
#1053   StatefulElement.update (package:flutter/src/widgets/framework.dart:6010:5)
#1054   Element.updateChild (package:flutter/src/widgets/framework.dart:4037:15)
#1055   ComponentElement.performRebuild (package:flutter/src/widgets/framework.dart:5844:16)
#1056   Element.rebuild (package:flutter/src/widgets/framework.dart:5532:7)
#1057   ProxyElement.update (package:flutter/src/widgets/framework.dart:6152:5)
#1058   Element.updateChild (package:flutter/src/widgets/framework.dart:4037:15)
#1059   ComponentElement.performRebuild (package:flutter/src/widgets/framework.dart:5844:16)
#1060   StatefulElement.performRebuild (package:flutter/src/widgets/framework.dart:5985:11)
#1061   Element.rebuild (package:flutter/src/widgets/framework.dart:5532:7)
#1062   StatefulElement.update (package:flutter/src/widgets/framework.dart:6010:5)
#1063   Element.updateChild (package:flutter/src/widgets/framework.dart:4037:15)
#1064   ComponentElement.performRebuild (package:flutter/src/widgets/framework.dart:5844:16)
#1065   Element.rebuild (package:flutter/src/widgets/framework.dart:5532:7)
#1066   ProxyElement.update (package:flutter/src/widgets/framework.dart:6152:5)
#1067   Element.updateChild (package:flutter/src/widgets/framework.dart:4037:15)
#1068   ComponentElement.performRebuild (package:flutter/src/widgets/framework.dart:5844:16)
#1069   Element.rebuild (package:flutter/src/widgets/framework.dart:5532:7)
#1070   ProxyElement.update (package:flutter/src/widgets/framework.dart:6152:5)
#1071   Element.updateChild (package:flutter/src/widgets/framework.dart:4037:15)
#1072   _RawViewElement._updateChild (package:flutter/src/widgets/view.dart:481:16)
#1073   _RawViewElement.update (package:flutter/src/widgets/view.dart:568:5)
#1074   Element.updateChild (package:flutter/src/widgets/framework.dart:4037:15)
#1075   ComponentElement.performRebuild (package:flutter/src/widgets/framework.dart:5844:16)
#1076   Element.rebuild (package:flutter/src/widgets/framework.dart:5532:7)
#1077   StatelessElement.update (package:flutter/src/widgets/framework.dart:5898:5)
#1078   Element.updateChild (package:flutter/src/widgets/framework.dart:4037:15)
#1079   ComponentElement.performRebuild (package:flutter/src/widgets/framework.dart:5844:16)
#1080   StatefulElement.performRebuild (package:flutter/src/widgets/framework.dart:5985:11)
#1081   Element.rebuild (package:flutter/src/widgets/framework.dart:5532:7)
#1082   StatefulElement.update (package:flutter/src/widgets/framework.dart:6010:5)
#1083   Element.updateChild (package:flutter/src/widgets/framework.dart:4037:15)
#1084   RootElement._rebuild (package:flutter/src/widgets/binding.dart:1782:16)
#1085   RootElement.update (package:flutter/src/widgets/binding.dart:1760:5)
#1086   RootElement.performRebuild (package:flutter/src/widgets/binding.dart:1774:7)
#1087   Element.rebuild (package:flutter/src/widgets/framework.dart:5532:7)
#1088   BuildScope._tryRebuild (package:flutter/src/widgets/framework.dart:2750:15)
#1089   BuildScope._flushDirtyElements (package:flutter/src/widgets/framework.dart:2807:11)
#1090   BuildOwner.buildScope (package:flutter/src/widgets/framework.dart:3111:18)
#1091   AutomatedTestWidgetsFlutterBinding.drawFrame (package:flutter_test/src/binding.dart:1506:19)
#1092   RendererBinding._handlePersistentFrameCallback (package:flutter/src/rendering/binding.dart:495:5)
#1093   SchedulerBinding._invokeFrameCallback (package:flutter/src/scheduler/binding.dart:1434:15)
#1094   SchedulerBinding.handleDrawFrame (package:flutter/src/scheduler/binding.dart:1347:9)
#1095   AutomatedTestWidgetsFlutterBinding.pump.<anonymous closure> (package:flutter_test/src/binding.dart:1335:9)
#1098   TestAsyncUtils.guard (package:flutter_test/src/test_async_utils.dart:74:41)
#1099   AutomatedTestWidgetsFlutterBinding.pump (package:flutter_test/src/binding.dart:1324:27)
#1100   WidgetTester.pumpWidget.<anonymous closure> (package:flutter_test/src/widget_tester.dart:598:22)
#1103   TestAsyncUtils.guard (package:flutter_test/src/test_async_utils.dart:74:41)
#1104   WidgetTester.pumpWidget (package:flutter_test/src/widget_tester.dart:595:27)
#1105   main.<anonymous closure> (file:///Users/anuragdhunna/Downloads/Workspaces/sargon_app/test/features/dashboard/dashboard_screen_test.dart:45:18)
#1106   testWidgets.<anonymous closure>.<anonymous closure> (package:flutter_test/src/widget_tester.dart:192:29)
<asynchronous suspension>
#1107   TestWidgetsFlutterBinding._runTestBody (package:flutter_test/src/binding.dart:1059:5)
<asynchronous suspension>
<asynchronous suspension>
(elided 5 frames from dart:async and package:stack_trace)
════════════════════════════════════════════════════════════════════════════════════════════════════
══╡ EXCEPTION CAUGHT BY WIDGETS LIBRARY ╞═══════════════════════════════════════════════════════════
The following assertion was thrown while applying parent data.:
Incorrect use of ParentDataWidget.
The ParentDataWidget StaggeredGridTile wants to apply ParentData of type StaggeredGridParentData to
a RenderObject, which has been set up to accept ParentData of incompatible type ParentData.
Usually, this means that the StaggeredGridTile widget has the wrong ancestor RenderObjectWidget.
Typically, StaggeredGridTile widgets are placed directly inside StaggeredGrid widgets.
The offending StaggeredGridTile is currently placed inside a FadeTransition widget.
The ownership chain for the RenderObject that received the incompatible parent data was:
  DecoratedBox ← Container ← StatCard ← StaggeredGridTile ← FadeTransition ← FadeIn ← StaggeredGrid
← DashboardStatsGrid ← Column ← Padding ← ⋯

When the exception was thrown, this was the stack:
#0      RenderObjectElement._updateParentData.<anonymous closure> (package:flutter/src/widgets/framework.dart:6885:11)
#1      RenderObjectElement._updateParentData (package:flutter/src/widgets/framework.dart:6902:6)
#2      RenderObjectElement.attachRenderObject (package:flutter/src/widgets/framework.dart:6948:7)
#3      RenderObjectElement.mount (package:flutter/src/widgets/framework.dart:6804:5)
#4      SingleChildRenderObjectElement.mount (package:flutter/src/widgets/framework.dart:7117:11)
...     Normal element mounting (30 frames)
#34     Element.inflateWidget (package:flutter/src/widgets/framework.dart:4590:20)
#35     MultiChildRenderObjectElement.inflateWidget (package:flutter/src/widgets/framework.dart:7269:36)
#36     MultiChildRenderObjectElement.mount (package:flutter/src/widgets/framework.dart:7285:32)
...     Normal element mounting (7 frames)
#43     Element.inflateWidget (package:flutter/src/widgets/framework.dart:4590:20)
#44     MultiChildRenderObjectElement.inflateWidget (package:flutter/src/widgets/framework.dart:7269:36)
#45     MultiChildRenderObjectElement.mount (package:flutter/src/widgets/framework.dart:7285:32)
...     Normal element mounting (123 frames)
#168    Element.inflateWidget (package:flutter/src/widgets/framework.dart:4590:20)
#169    MultiChildRenderObjectElement.inflateWidget (package:flutter/src/widgets/framework.dart:7269:36)
#170    MultiChildRenderObjectElement.mount (package:flutter/src/widgets/framework.dart:7285:32)
...     Normal element mounting (117 frames)
#287    _InheritedProviderScopeElement.mount (package:provider/src/inherited_provider.dart:424:11)
...     Normal element mounting (7 frames)
#294    SingleChildWidgetElementMixin.mount (package:nested/nested.dart:222:11)
...     Normal element mounting (7 frames)
#301    SingleChildWidgetElementMixin.mount (package:nested/nested.dart:222:11)
...     Normal element mounting (260 frames)
#561    Element.inflateWidget (package:flutter/src/widgets/framework.dart:4590:20)
#562    MultiChildRenderObjectElement.inflateWidget (package:flutter/src/widgets/framework.dart:7269:36)
#563    MultiChildRenderObjectElement.mount (package:flutter/src/widgets/framework.dart:7285:32)
...     Normal element mounting (465 frames)
#1028   Element.inflateWidget (package:flutter/src/widgets/framework.dart:4590:20)
#1029   Element.updateChild (package:flutter/src/widgets/framework.dart:4053:20)
#1030   ComponentElement.performRebuild (package:flutter/src/widgets/framework.dart:5844:16)
#1031   Element.rebuild (package:flutter/src/widgets/framework.dart:5532:7)
#1032   ProxyElement.update (package:flutter/src/widgets/framework.dart:6152:5)
#1033   _InheritedNotifierElement.update (package:flutter/src/widgets/inherited_notifier.dart:108:11)
#1034   Element.updateChild (package:flutter/src/widgets/framework.dart:4037:15)
#1035   ComponentElement.performRebuild (package:flutter/src/widgets/framework.dart:5844:16)
#1036   StatefulElement.performRebuild (package:flutter/src/widgets/framework.dart:5985:11)
#1037   Element.rebuild (package:flutter/src/widgets/framework.dart:5532:7)
#1038   StatefulElement.update (package:flutter/src/widgets/framework.dart:6010:5)
#1039   Element.updateChild (package:flutter/src/widgets/framework.dart:4037:15)
#1040   ComponentElement.performRebuild (package:flutter/src/widgets/framework.dart:5844:16)
#1041   Element.rebuild (package:flutter/src/widgets/framework.dart:5532:7)
#1042   ProxyElement.update (package:flutter/src/widgets/framework.dart:6152:5)
#1043   _InheritedNotifierElement.update (package:flutter/src/widgets/inherited_notifier.dart:108:11)
#1044   Element.updateChild (package:flutter/src/widgets/framework.dart:4037:15)
#1045   ComponentElement.performRebuild (package:flutter/src/widgets/framework.dart:5844:16)
#1046   StatefulElement.performRebuild (package:flutter/src/widgets/framework.dart:5985:11)
#1047   Element.rebuild (package:flutter/src/widgets/framework.dart:5532:7)
#1048   StatefulElement.update (package:flutter/src/widgets/framework.dart:6010:5)
#1049   Element.updateChild (package:flutter/src/widgets/framework.dart:4037:15)
#1050   ComponentElement.performRebuild (package:flutter/src/widgets/framework.dart:5844:16)
#1051   StatefulElement.performRebuild (package:flutter/src/widgets/framework.dart:5985:11)
#1052   Element.rebuild (package:flutter/src/widgets/framework.dart:5532:7)
#1053   StatefulElement.update (package:flutter/src/widgets/framework.dart:6010:5)
#1054   Element.updateChild (package:flutter/src/widgets/framework.dart:4037:15)
#1055   ComponentElement.performRebuild (package:flutter/src/widgets/framework.dart:5844:16)
#1056   Element.rebuild (package:flutter/src/widgets/framework.dart:5532:7)
#1057   ProxyElement.update (package:flutter/src/widgets/framework.dart:6152:5)
#1058   Element.updateChild (package:flutter/src/widgets/framework.dart:4037:15)
#1059   ComponentElement.performRebuild (package:flutter/src/widgets/framework.dart:5844:16)
#1060   StatefulElement.performRebuild (package:flutter/src/widgets/framework.dart:5985:11)
#1061   Element.rebuild (package:flutter/src/widgets/framework.dart:5532:7)
#1062   StatefulElement.update (package:flutter/src/widgets/framework.dart:6010:5)
#1063   Element.updateChild (package:flutter/src/widgets/framework.dart:4037:15)
#1064   ComponentElement.performRebuild (package:flutter/src/widgets/framework.dart:5844:16)
#1065   Element.rebuild (package:flutter/src/widgets/framework.dart:5532:7)
#1066   ProxyElement.update (package:flutter/src/widgets/framework.dart:6152:5)
#1067   Element.updateChild (package:flutter/src/widgets/framework.dart:4037:15)
#1068   ComponentElement.performRebuild (package:flutter/src/widgets/framework.dart:5844:16)
#1069   Element.rebuild (package:flutter/src/widgets/framework.dart:5532:7)
#1070   ProxyElement.update (package:flutter/src/widgets/framework.dart:6152:5)
#1071   Element.updateChild (package:flutter/src/widgets/framework.dart:4037:15)
#1072   _RawViewElement._updateChild (package:flutter/src/widgets/view.dart:481:16)
#1073   _RawViewElement.update (package:flutter/src/widgets/view.dart:568:5)
#1074   Element.updateChild (package:flutter/src/widgets/framework.dart:4037:15)
#1075   ComponentElement.performRebuild (package:flutter/src/widgets/framework.dart:5844:16)
#1076   Element.rebuild (package:flutter/src/widgets/framework.dart:5532:7)
#1077   StatelessElement.update (package:flutter/src/widgets/framework.dart:5898:5)
#1078   Element.updateChild (package:flutter/src/widgets/framework.dart:4037:15)
#1079   ComponentElement.performRebuild (package:flutter/src/widgets/framework.dart:5844:16)
#1080   StatefulElement.performRebuild (package:flutter/src/widgets/framework.dart:5985:11)
#1081   Element.rebuild (package:flutter/src/widgets/framework.dart:5532:7)
#1082   StatefulElement.update (package:flutter/src/widgets/framework.dart:6010:5)
#1083   Element.updateChild (package:flutter/src/widgets/framework.dart:4037:15)
#1084   RootElement._rebuild (package:flutter/src/widgets/binding.dart:1782:16)
#1085   RootElement.update (package:flutter/src/widgets/binding.dart:1760:5)
#1086   RootElement.performRebuild (package:flutter/src/widgets/binding.dart:1774:7)
#1087   Element.rebuild (package:flutter/src/widgets/framework.dart:5532:7)
#1088   BuildScope._tryRebuild (package:flutter/src/widgets/framework.dart:2750:15)
#1089   BuildScope._flushDirtyElements (package:flutter/src/widgets/framework.dart:2807:11)
#1090   BuildOwner.buildScope (package:flutter/src/widgets/framework.dart:3111:18)
#1091   AutomatedTestWidgetsFlutterBinding.drawFrame (package:flutter_test/src/binding.dart:1506:19)
#1092   RendererBinding._handlePersistentFrameCallback (package:flutter/src/rendering/binding.dart:495:5)
#1093   SchedulerBinding._invokeFrameCallback (package:flutter/src/scheduler/binding.dart:1434:15)
#1094   SchedulerBinding.handleDrawFrame (package:flutter/src/scheduler/binding.dart:1347:9)
#1095   AutomatedTestWidgetsFlutterBinding.pump.<anonymous closure> (package:flutter_test/src/binding.dart:1335:9)
#1098   TestAsyncUtils.guard (package:flutter_test/src/test_async_utils.dart:74:41)
#1099   AutomatedTestWidgetsFlutterBinding.pump (package:flutter_test/src/binding.dart:1324:27)
#1100   WidgetTester.pumpWidget.<anonymous closure> (package:flutter_test/src/widget_tester.dart:598:22)
#1103   TestAsyncUtils.guard (package:flutter_test/src/test_async_utils.dart:74:41)
#1104   WidgetTester.pumpWidget (package:flutter_test/src/widget_tester.dart:595:27)
#1105   main.<anonymous closure> (file:///Users/anuragdhunna/Downloads/Workspaces/sargon_app/test/features/dashboard/dashboard_screen_test.dart:45:18)
#1106   testWidgets.<anonymous closure>.<anonymous closure> (package:flutter_test/src/widget_tester.dart:192:29)
<asynchronous suspension>
#1107   TestWidgetsFlutterBinding._runTestBody (package:flutter_test/src/binding.dart:1059:5)
<asynchronous suspension>
<asynchronous suspension>
(elided 5 frames from dart:async and package:stack_trace)
════════════════════════════════════════════════════════════════════════════════════════════════════
══╡ EXCEPTION CAUGHT BY WIDGETS LIBRARY ╞═══════════════════════════════════════════════════════════
The following assertion was thrown while applying parent data.:
Incorrect use of ParentDataWidget.
The ParentDataWidget StaggeredGridTile wants to apply ParentData of type StaggeredGridParentData to
a RenderObject, which has been set up to accept ParentData of incompatible type ParentData.
Usually, this means that the StaggeredGridTile widget has the wrong ancestor RenderObjectWidget.
Typically, StaggeredGridTile widgets are placed directly inside StaggeredGrid widgets.
The offending StaggeredGridTile is currently placed inside a FadeTransition widget.
The ownership chain for the RenderObject that received the incompatible parent data was:
  DecoratedBox ← Container ← StatCard ← StaggeredGridTile ← FadeTransition ← FadeIn ← StaggeredGrid
← DashboardStatsGrid ← Column ← Padding ← ⋯

When the exception was thrown, this was the stack:
#0      RenderObjectElement._updateParentData.<anonymous closure> (package:flutter/src/widgets/framework.dart:6885:11)
#1      RenderObjectElement._updateParentData (package:flutter/src/widgets/framework.dart:6902:6)
#2      RenderObjectElement.attachRenderObject (package:flutter/src/widgets/framework.dart:6948:7)
#3      RenderObjectElement.mount (package:flutter/src/widgets/framework.dart:6804:5)
#4      SingleChildRenderObjectElement.mount (package:flutter/src/widgets/framework.dart:7117:11)
...     Normal element mounting (30 frames)
#34     Element.inflateWidget (package:flutter/src/widgets/framework.dart:4590:20)
#35     MultiChildRenderObjectElement.inflateWidget (package:flutter/src/widgets/framework.dart:7269:36)
#36     MultiChildRenderObjectElement.mount (package:flutter/src/widgets/framework.dart:7285:32)
...     Normal element mounting (7 frames)
#43     Element.inflateWidget (package:flutter/src/widgets/framework.dart:4590:20)
#44     MultiChildRenderObjectElement.inflateWidget (package:flutter/src/widgets/framework.dart:7269:36)
#45     MultiChildRenderObjectElement.mount (package:flutter/src/widgets/framework.dart:7285:32)
...     Normal element mounting (123 frames)
#168    Element.inflateWidget (package:flutter/src/widgets/framework.dart:4590:20)
#169    MultiChildRenderObjectElement.inflateWidget (package:flutter/src/widgets/framework.dart:7269:36)
#170    MultiChildRenderObjectElement.mount (package:flutter/src/widgets/framework.dart:7285:32)
...     Normal element mounting (117 frames)
#287    _InheritedProviderScopeElement.mount (package:provider/src/inherited_provider.dart:424:11)
...     Normal element mounting (7 frames)
#294    SingleChildWidgetElementMixin.mount (package:nested/nested.dart:222:11)
...     Normal element mounting (7 frames)
#301    SingleChildWidgetElementMixin.mount (package:nested/nested.dart:222:11)
...     Normal element mounting (260 frames)
#561    Element.inflateWidget (package:flutter/src/widgets/framework.dart:4590:20)
#562    MultiChildRenderObjectElement.inflateWidget (package:flutter/src/widgets/framework.dart:7269:36)
#563    MultiChildRenderObjectElement.mount (package:flutter/src/widgets/framework.dart:7285:32)
...     Normal element mounting (465 frames)
#1028   Element.inflateWidget (package:flutter/src/widgets/framework.dart:4590:20)
#1029   Element.updateChild (package:flutter/src/widgets/framework.dart:4053:20)
#1030   ComponentElement.performRebuild (package:flutter/src/widgets/framework.dart:5844:16)
#1031   Element.rebuild (package:flutter/src/widgets/framework.dart:5532:7)
#1032   ProxyElement.update (package:flutter/src/widgets/framework.dart:6152:5)
#1033   _InheritedNotifierElement.update (package:flutter/src/widgets/inherited_notifier.dart:108:11)
#1034   Element.updateChild (package:flutter/src/widgets/framework.dart:4037:15)
#1035   ComponentElement.performRebuild (package:flutter/src/widgets/framework.dart:5844:16)
#1036   StatefulElement.performRebuild (package:flutter/src/widgets/framework.dart:5985:11)
#1037   Element.rebuild (package:flutter/src/widgets/framework.dart:5532:7)
#1038   StatefulElement.update (package:flutter/src/widgets/framework.dart:6010:5)
#1039   Element.updateChild (package:flutter/src/widgets/framework.dart:4037:15)
#1040   ComponentElement.performRebuild (package:flutter/src/widgets/framework.dart:5844:16)
#1041   Element.rebuild (package:flutter/src/widgets/framework.dart:5532:7)
#1042   ProxyElement.update (package:flutter/src/widgets/framework.dart:6152:5)
#1043   _InheritedNotifierElement.update (package:flutter/src/widgets/inherited_notifier.dart:108:11)
#1044   Element.updateChild (package:flutter/src/widgets/framework.dart:4037:15)
#1045   ComponentElement.performRebuild (package:flutter/src/widgets/framework.dart:5844:16)
#1046   StatefulElement.performRebuild (package:flutter/src/widgets/framework.dart:5985:11)
#1047   Element.rebuild (package:flutter/src/widgets/framework.dart:5532:7)
#1048   StatefulElement.update (package:flutter/src/widgets/framework.dart:6010:5)
#1049   Element.updateChild (package:flutter/src/widgets/framework.dart:4037:15)
#1050   ComponentElement.performRebuild (package:flutter/src/widgets/framework.dart:5844:16)
#1051   StatefulElement.performRebuild (package:flutter/src/widgets/framework.dart:5985:11)
#1052   Element.rebuild (package:flutter/src/widgets/framework.dart:5532:7)
#1053   StatefulElement.update (package:flutter/src/widgets/framework.dart:6010:5)
#1054   Element.updateChild (package:flutter/src/widgets/framework.dart:4037:15)
#1055   ComponentElement.performRebuild (package:flutter/src/widgets/framework.dart:5844:16)
#1056   Element.rebuild (package:flutter/src/widgets/framework.dart:5532:7)
#1057   ProxyElement.update (package:flutter/src/widgets/framework.dart:6152:5)
#1058   Element.updateChild (package:flutter/src/widgets/framework.dart:4037:15)
#1059   ComponentElement.performRebuild (package:flutter/src/widgets/framework.dart:5844:16)
#1060   StatefulElement.performRebuild (package:flutter/src/widgets/framework.dart:5985:11)
#1061   Element.rebuild (package:flutter/src/widgets/framework.dart:5532:7)
#1062   StatefulElement.update (package:flutter/src/widgets/framework.dart:6010:5)
#1063   Element.updateChild (package:flutter/src/widgets/framework.dart:4037:15)
#1064   ComponentElement.performRebuild (package:flutter/src/widgets/framework.dart:5844:16)
#1065   Element.rebuild (package:flutter/src/widgets/framework.dart:5532:7)
#1066   ProxyElement.update (package:flutter/src/widgets/framework.dart:6152:5)
#1067   Element.updateChild (package:flutter/src/widgets/framework.dart:4037:15)
#1068   ComponentElement.performRebuild (package:flutter/src/widgets/framework.dart:5844:16)
#1069   Element.rebuild (package:flutter/src/widgets/framework.dart:5532:7)
#1070   ProxyElement.update (package:flutter/src/widgets/framework.dart:6152:5)
#1071   Element.updateChild (package:flutter/src/widgets/framework.dart:4037:15)
#1072   _RawViewElement._updateChild (package:flutter/src/widgets/view.dart:481:16)
#1073   _RawViewElement.update (package:flutter/src/widgets/view.dart:568:5)
#1074   Element.updateChild (package:flutter/src/widgets/framework.dart:4037:15)
#1075   ComponentElement.performRebuild (package:flutter/src/widgets/framework.dart:5844:16)
#1076   Element.rebuild (package:flutter/src/widgets/framework.dart:5532:7)
#1077   StatelessElement.update (package:flutter/src/widgets/framework.dart:5898:5)
#1078   Element.updateChild (package:flutter/src/widgets/framework.dart:4037:15)
#1079   ComponentElement.performRebuild (package:flutter/src/widgets/framework.dart:5844:16)
#1080   StatefulElement.performRebuild (package:flutter/src/widgets/framework.dart:5985:11)
#1081   Element.rebuild (package:flutter/src/widgets/framework.dart:5532:7)
#1082   StatefulElement.update (package:flutter/src/widgets/framework.dart:6010:5)
#1083   Element.updateChild (package:flutter/src/widgets/framework.dart:4037:15)
#1084   RootElement._rebuild (package:flutter/src/widgets/binding.dart:1782:16)
#1085   RootElement.update (package:flutter/src/widgets/binding.dart:1760:5)
#1086   RootElement.performRebuild (package:flutter/src/widgets/binding.dart:1774:7)
#1087   Element.rebuild (package:flutter/src/widgets/framework.dart:5532:7)
#1088   BuildScope._tryRebuild (package:flutter/src/widgets/framework.dart:2750:15)
#1089   BuildScope._flushDirtyElements (package:flutter/src/widgets/framework.dart:2807:11)
#1090   BuildOwner.buildScope (package:flutter/src/widgets/framework.dart:3111:18)
#1091   AutomatedTestWidgetsFlutterBinding.drawFrame (package:flutter_test/src/binding.dart:1506:19)
#1092   RendererBinding._handlePersistentFrameCallback (package:flutter/src/rendering/binding.dart:495:5)
#1093   SchedulerBinding._invokeFrameCallback (package:flutter/src/scheduler/binding.dart:1434:15)
#1094   SchedulerBinding.handleDrawFrame (package:flutter/src/scheduler/binding.dart:1347:9)
#1095   AutomatedTestWidgetsFlutterBinding.pump.<anonymous closure> (package:flutter_test/src/binding.dart:1335:9)
#1098   TestAsyncUtils.guard (package:flutter_test/src/test_async_utils.dart:74:41)
#1099   AutomatedTestWidgetsFlutterBinding.pump (package:flutter_test/src/binding.dart:1324:27)
#1100   WidgetTester.pumpWidget.<anonymous closure> (package:flutter_test/src/widget_tester.dart:598:22)
#1103   TestAsyncUtils.guard (package:flutter_test/src/test_async_utils.dart:74:41)
#1104   WidgetTester.pumpWidget (package:flutter_test/src/widget_tester.dart:595:27)
#1105   main.<anonymous closure> (file:///Users/anuragdhunna/Downloads/Workspaces/sargon_app/test/features/dashboard/dashboard_screen_test.dart:45:18)
#1106   testWidgets.<anonymous closure>.<anonymous closure> (package:flutter_test/src/widget_tester.dart:192:29)
<asynchronous suspension>
#1107   TestWidgetsFlutterBinding._runTestBody (package:flutter_test/src/binding.dart:1059:5)
<asynchronous suspension>
<asynchronous suspension>
(elided 5 frames from dart:async and package:stack_trace)
════════════════════════════════════════════════════════════════════════════════════════════════════
══╡ EXCEPTION CAUGHT BY FLUTTER TEST FRAMEWORK ╞════════════════════════════════════════════════════
The following message was thrown:
Multiple exceptions (4) were detected during the running of the current test, and at least one was
unexpected.
════════════════════════════════════════════════════════════════════════════════════════════════════
00:01 +0 -2: DashboardStatsGrid renders 4 items on desktop [E]                                                                                                                                         
  Test failed. See exception logs above.
  The test description was: DashboardStatsGrid renders 4 items on desktop
  

To run this test again: /Users/anuragdhunna/Downloads/flutter/bin/cache/dart-sdk/bin/dart test /Users/anuragdhunna/Downloads/Workspaces/sargon_app/test/features/dashboard/dashboard_screen_test.dart -p vm --plain-name 'DashboardStatsGrid renders 4 items on desktop'
00:01 +0 -2: Some tests failed.                                                                                                                                                                        
